[
    {
        "name": " A white room",
        "desc": "You are in a simple room with white walls."",
        "items": [],
        "exits": { "east": 1 },
        "locked": false
    },
    {
        "name": "An orange room",
        "desc": "You are in a simple room with white walls.",
        "items": ["key","bellows"],
        "exits": { "west": 0, "north": 2 },
        "locked": false
    },
    {
        "name": "A black room",
        "desc": "A quaint village known for its syrup production. A mysterious old sailor here offers a trade.",
        "items": ["treasure map"],
        "exits": { "south": 1, "east": 3 },
        "locked": {"north": true},
	"key": "key"
    },
    {
        "name": "A pink room",
        "desc": "A floating restaurant,The chef seems to be guarding a door leading east.",
        "items": [],
        "exits": { "west": 2, "east": 4 },
        "locked": true,
        "key": "treasure map"
    },
    {
        "name": "A green room",
        "desc": "Once a fearsome pirate's stronghold. Rumors say the One Piece is hidden here.",
        "items": [],
        "exits": { "west": 3 },
        "locked": false
    }
]

